// Jest Snapshot v1, https://goo.gl/fbAQLP

exports[`<Button/> Matches the snapshot correctly 1`] = `
<View
  accessible={true}
  focusable={true}
  isTVSelectable={true}
  onClick={[Function]}
  onResponderGrant={[Function]}
  onResponderMove={[Function]}
  onResponderRelease={[Function]}
  onResponderTerminate={[Function]}
  onResponderTerminationRequest={[Function]}
  onStartShouldSetResponder={[Function]}
  style={
    Array [
      Object {
        "alignItems": "center",
        "backgroundColor": "#C5B358",
        "borderColor": "#000",
        "borderRadius": 3,
        "borderStyle": "solid",
        "borderWidth": 2,
        "justifyContent": "center",
        "marginBottom": 16,
        "marginLeft": 16,
        "marginRight": 16,
        "marginTop": 16,
        "paddingBottom": 16,
        "paddingLeft": 30,
        "paddingRight": 30,
        "paddingTop": 16,
      },
    ]
  }
  testID="button"
>
  <Text
    style={
      Array [
        Object {
          "fontFamily": "Merriweather-Regular",
          "fontSize": 16,
        },
        null,
      ]
    }
    testID="buttonTitle"
  >
    Mock Button
  </Text>
</View>
`;
