// Jest Snapshot v1, https://goo.gl/fbAQLP

exports[`<HeaderText/> Matches snapshot correctly 1`] = `
<Text
  style={
    Array [
      Object {
        "fontFamily": "Fira-Sans",
        "fontSize": 26,
        "marginBottom": 10,
        "marginLeft": 10,
        "marginRight": 10,
        "marginTop": 10,
      },
    ]
  }
>
  Header Text
</Text>
`;
